Mode: EXECUTE (will archive)
Loading PUBLISHED articles with highlight_id...
Found 544 published articles to audit
  [1/544] Vegas Golden Knights top Colorado Avalanche 3-1 — Stanley Cup Playoffs — expected score 3-5 not present in any direction [ARCHIVING]
  [2/544] Carolina Hurricanes top Montréal Canadiens 4-0 — Stanley Cup Playoffs — expected score 1-6 not present in any direction [ARCHIVING]
  [3/544] Carolina Hurricanes top Montréal Canadiens 4-0 — Stanley Cup Playoffs — expected score 1-6 not present in any direction [ARCHIVING]
  [4/544] Colorado Avalanche top Minnesota Wild 5-2 — Stanley Cup Playoffs — expected score 3-4 not present in any direction [ARCHIVING]
  [5/544] Colorado Avalanche top Minnesota Wild 5-2 — Stanley Cup Playoffs — expected score 3-4 not present in any direction [ARCHIVING]
  [6/544] Vegas Golden Knights top Anaheim Ducks 3-2 in OT — Stanley Cup Playoffs — expected score 5-1 not present in any direction; article claims OT but source says 5-1 regulation [ARCHIVING]
  [7/544] Carolina Hurricanes top Montréal Canadiens 4-0 — Stanley Cup Playoffs — expected score 1-6 not present in any direction [ARCHIVING]
  [8/544] Carolina Hurricanes top Montréal Canadiens 4-0 — Stanley Cup Playoffs — expected score 1-6 not present in any direction [ARCHIVING]
  [9/544] Minnesota Wild top Dallas Stars 4-2 — Stanley Cup Playoffs — expected score 2-5 not present in any direction [ARCHIVING]
  [10/544] Colorado Avalanche top Minnesota Wild 5-2 — Stanley Cup Playoffs — expected score 3-4 not present in any direction [ARCHIVING]
  [11/544] Edmonton Oilers top Anaheim Ducks 4-1 — Stanley Cup Playoffs — expected score 2-5 not present in any direction [ARCHIVING]
  [12/544] Utah Mammoth top Vegas Golden Knights 3-2 — Stanley Cup Playoffs — expected score 2-4 not present in any direction [ARCHIVING]
  [13/544] Vegas Golden Knights top Utah Mammoth 5-4 in OT — Stanley Cup Playoffs — expected score 5-1 not present in any direction; article claims OT but source says 5-1 regulation [ARCHIVING]
  [14/544] Staal's Two Goals Power Hurricanes Past Golden Knights 5-3 in Game 4 — expected score 2-4 not present in any direction [ARCHIVING]
  [251/544] Vegas Golden Knights top Anaheim Ducks 5-1 — Stanley Cup Playoffs — no source has a final score (game is unverified) [ARCHIVING]
  [253/544] Vegas Golden Knights top Utah Mammoth 5-1 — Stanley Cup Playoffs — no source has a final score (game is unverified) [ARCHIVING]
  [254/544] Colorado Avalanche top Calgary Flames 3-1 — no source has a final score (game is unverified) [ARCHIVING]
  [255/544] Buffalo Sabres top Montréal Canadiens 4-2 — Stanley Cup Playoffs — expected score 1 - 5 not present in any direction [ARCHIVING]
  [263/544] Buffalo Sabres top Montréal Canadiens 3-2 — Stanley Cup Playoffs — expected score 3 - 8 not present in any direction [ARCHIVING]
  [272/544] Montréal Canadiens top Buffalo Sabres 6-2 — Stanley Cup Playoffs — expected score 2 - 3 not present in any direction [ARCHIVING]
  [275/544] Montréal Canadiens top Buffalo Sabres 6-2 — Stanley Cup Playoffs — expected score 2 - 3 not present in any direction [ARCHIVING]
  [278/544] Washington Capitals top Pittsburgh Penguins 3-0 — expected score 3 - 6 not present in any direction [ARCHIVING]
  [284/544] Anaheim Ducks top Edmonton Oilers 5-2 — Stanley Cup Playoffs — no source has a final score (game is unverified) [ARCHIVING]
  [289/544] Colorado Avalanche top Edmonton Oilers 2-1 in SO — no source has a final score (game is unverified) [ARCHIVING]
  [303/544] Montréal Canadiens top Buffalo Sabres 5-1 — Stanley Cup Playoffs — expected score 3 - 6 not present in any direction [ARCHIVING]
  [310/544] Vegas Golden Knights top Colorado Avalanche 2-1 — Stanley Cup Playoffs — no source has a final score (game is unverified) [ARCHIVING]
  [312/544] Utah Mammoth top Vegas Golden Knights 3-2 — Stanley Cup Playoffs — expected score 4 - 2 not present in any direction [ARCHIVING]
  [317/544] Buffalo Sabres top Montréal Canadiens 4-2 — Stanley Cup Playoffs — expected score 1 - 5 not present in any direction [ARCHIVING]
  [322/544] Colorado Avalanche top Los Angeles Kings 5-1 — Stanley Cup Playoffs — no source has a final score (game is unverified) [ARCHIVING]
  [326/544] Colorado Avalanche top Seattle Kraken 2-0 — no source has a final score (game is unverified) [ARCHIVING]
  [330/544] Montréal Canadiens top Buffalo Sabres 5-1 — Stanley Cup Playoffs — expected score 3 - 6 not present in any direction [ARCHIVING]
  [331/544] Montréal Canadiens top Buffalo Sabres 6-2 — Stanley Cup Playoffs — expected score 2 - 3 not present in any direction [ARCHIVING]
  [381/544] Carolina Hurricanes top Montréal Canadiens 6-1 — Stanley Cup Playoffs — no source has a final score (game is unverified) [ARCHIVING]
  [384/544] Montréal Canadiens top Buffalo Sabres 6-2 — Stanley Cup Playoffs — expected score 2 - 3 not present in any direction [ARCHIVING]
  [387/544] Carolina Hurricanes top Montréal Canadiens 6-1 — Stanley Cup Playoffs — no source has a final score (game is unverified) [ARCHIVING]
  [388/544] Vegas Golden Knights top Anaheim Ducks 5-1 — Stanley Cup Playoffs — no source has a final score (game is unverified) [ARCHIVING]
  [395/544] Montréal Canadiens top Buffalo Sabres 6-2 — Stanley Cup Playoffs — expected score 2 - 3 not present in any direction [ARCHIVING]
  [397/544] Buffalo Sabres top Montréal Canadiens 4-2 — Stanley Cup Playoffs — expected score 1 - 5 not present in any direction [ARCHIVING]
  [401/544] Buffalo Sabres top Montréal Canadiens 4-2 — Stanley Cup Playoffs — expected score 1 - 5 not present in any direction [ARCHIVING]
  [409/544] Buffalo Sabres top Montréal Canadiens 4-2 — Stanley Cup Playoffs — expected score 1 - 5 not present in any direction [ARCHIVING]
  [410/544] Carolina Hurricanes top Montréal Canadiens 6-1 — Stanley Cup Playoffs — no source has a final score (game is unverified) [ARCHIVING]
  [414/544] Vegas Golden Knights top Anaheim Ducks 5-1 — Stanley Cup Playoffs — no source has a final score (game is unverified) [ARCHIVING]
  [423/544] Buffalo Sabres top Montréal Canadiens 3-2 — Stanley Cup Playoffs — expected score 3 - 8 not present in any direction [ARCHIVING]
  [426/544] Vegas Golden Knights top Seattle Kraken 4-1 — no source has a final score (game is unverified) [ARCHIVING]
  [428/544] Anaheim Ducks top Edmonton Oilers 4-3 in OT — Stanley Cup Playoffs — no source has a final score (game is unverified) [ARCHIVING]
  [433/544] St. Louis Blues top Minnesota Wild 6-3 — no source has a final score (game is unverified) [ARCHIVING]
  [436/544] Montréal Canadiens top New Jersey Devils 4-3 in SO — article claims shootout but source says 0 - 3 [ARCHIVING]
  [442/544] Minnesota Wild top Dallas Stars 3-2 in OT — Stanley Cup Playoffs — no source has a final score (game is unverified) [ARCHIVING]
  [443/544] Vegas Golden Knights top Winnipeg Jets 6-2 — no source has a final score (game is unverified) [ARCHIVING]
  [444/544] Vancouver Canucks top Los Angeles Kings 4-3 in OT — no source has a final score (game is unverified) [ARCHIVING]
  [447/544] Buffalo Sabres top Chicago Blackhawks 5-1 — no source has a final score (game is unverified) [ARCHIVING]
  [507/544] Utah Mammoth top Winnipeg Jets 5-3 — no source has a final score (game is unverified) [ARCHIVING]
  [510/544] Buffalo Sabres top Montréal Canadiens 4-2 — Stanley Cup Playoffs — expected score 1 - 5 not present in any direction [ARCHIVING]
  [511/544] Buffalo Sabres top Seattle Kraken 3-2 in SO — article claims shootout but source says 3 - 2 [ARCHIVING]
  [517/544] Minnesota Wild top Anaheim Ducks 3-2 — no source has a final score (game is unverified) [ARCHIVING]
  [522/544] Calgary Flames top Los Angeles Kings 3-1 — no source has a final score (game is unverified) [ARCHIVING]
  [523/544] Edmonton Oilers top Vancouver Canucks 6-1 — no source has a final score (game is unverified) [ARCHIVING]
  [534/544] Carolina Hurricanes top Montréal Canadiens 6-1 — Stanley Cup Playoffs — no source has a final score (game is unverified) [ARCHIVING]
  [543/544] Vegas Golden Knights top Utah Mammoth 5-4 in OT — Stanley Cup Playoffs — no source has a final score (game is unverified) [ARCHIVING]

=== Audit Summary ===
Clean (passed all checks): 485
Would archive:             59
Actually archived:         59
Archived IDs: 59 (first 10: b553cdc7-7293-43c6-b3df-16f0aebef2ae, 9eb0eba3-71b8-4330-8e0d-8364b74cdb92, 9c4a6ac1-f490-4e3b-bc45-bf19e351d450, 829310aa-f6d1-41e0-9c76-3abb70dc63de, 76f3ed77-2f7f-47b2-8a7e-cc95ffeb92d2, 6928d199-9713-49cb-9f39-bb2aee3a4b0a, 65f7654a-7c8b-4e08-aad0-87fce8397e30, 4e2fbdb9-339b-494d-b507-e0a48765a054, 68e80765-0714-48c3-9e9b-32e97fceabbb, 46652e6d-1dc8-4260-9174-49d2176134eb)

Issue breakdown:
  26x no source has a final score
  6x expected score 1 - 5 not present in any direction
  5x expected score 2 - 3 not present in any direction
  4x expected score 1-6 not present in any direction
  3x expected score 3-4 not present in any direction
  3x expected score 3 - 6 not present in any direction
  2x expected score 5-1 not present in any direction
  2x article claims OT but source says 5-1 regulation
  2x expected score 2-5 not present in any direction
  2x expected score 2-4 not present in any direction
  2x expected score 3 - 8 not present in any direction
  1x expected score 3-5 not present in any direction
  1x expected score 4 - 2 not present in any direction
  1x article claims shootout but source says 0 - 3
  1x article claims shootout but source says 3 - 2
